Running 3 pending migration(s)...

  Running: 001_create_users.sql... done
  Running: 002_create_leave_records.sql... done
  Running: 003_create_pending_actions.sql... done

Successfully ran 3 migration(s).
[ERROR]  socket-mode:SocketModeClient:0 Failed to retrieve a new WSS URL (error: Error: An API error occurred: invalid_auth)
62 | /**
63 |  * A factory to create WebAPIPlatformError objects
64 |  * @param result - Web API call result
65 |  */
66 | function platformErrorFromResult(result) {
67 |     const error = errorWithCode(new Error(`An API error occurred: ${result.error}`), ErrorCode.PlatformError);
                                     ^
error: An API error occurred: invalid_auth
 data: {
  ok: false,
  error: "invalid_auth",
  response_metadata: [Object ...],
},
 code: "slack_webapi_platform_error"

      at platformErrorFromResult (/app/jadoo/node_modules/@slack/web-api/dist/errors.js:67:33)
      at apiCall (/app/jadoo/node_modules/@slack/web-api/dist/WebClient.js:232:32)
62 | /**
63 |  * A factory to create WebAPIPlatformError objects
64 |  * @param result - Web API call result
65 |  */
66 | function platformErrorFromResult(result) {
67 |     const error = errorWithCode(new Error(`An API error occurred: ${result.error}`), ErrorCode.PlatformError);
                                     ^
error: An API error occurred: invalid_auth
 data: {
  ok: false,
  error: "invalid_auth",
  response_metadata: [Object ...],
},
 code: "slack_webapi_platform_error"

      at platformErrorFromResult (/app/jadoo/node_modules/@slack/web-api/dist/errors.js:67:33)
      at apiCall (/app/jadoo/node_modules/@slack/web-api/dist/WebClient.js:232:32)

Bun v1.2.14 (Linux x64 baseline)
